Flutter crash report.
Please report a bug at https://github.com/flutter/flutter/issues.

## command

flutter --quiet assemble --no-version-check --depfile C:\Users\Sarika\OneDrive\Documents\contact management app\contact_managemenr_app\build\app\intermediates\flutter\release/flutter_build.d --output C:\Users\Sarika\OneDrive\Documents\contact management app\contact_managemenr_app\build\app\intermediates\flutter\release -dTargetFile=lib\main.dart -dTargetPlatform=android -dBuildMode=release -dTrackWidgetCreation=true -dTreeShakeIcons=true --DartDefines=RkxVVFRFUl9WRVJTSU9OPTMuNDEuNg==,RkxVVFRFUl9DSEFOTkVMPXN0YWJsZQ==,RkxVVFRFUl9HSVRfVVJMPWh0dHBzOi8vZ2l0aHViLmNvbS9mbHV0dGVyL2ZsdXR0ZXIuZ2l0,RkxVVFRFUl9GUkFNRVdPUktfUkVWSVNJT049ZGI1MGUyMDE2OA==,RkxVVFRFUl9FTkdJTkVfUkVWSVNJT049NDI1Y2ZiNTRkMA==,RkxVVFRFUl9EQVJUX1ZFUlNJT049My4xMS40 -dFlavor= -dAndroidArchs=android-arm android-arm64 android-x64 -dMinSdkVersion=24 android_aot_bundle_release_android-arm android_aot_bundle_release_android-arm64 android_aot_bundle_release_android-x64

## exception

FileSystemException: FileSystemException: readInto failed, path = 'C:\Users\Sarika\OneDrive\Documents\contact management app\contact_managemenr_app\.dart_tool\flutter_build\ef39aad1547dca63209255a5c8c0d608\aot_android_asset_bundle.stamp' (OS Error: The cloud operation was unsuccessful, errno = 389)

```
#0      _RandomAccessFile.readIntoSync (dart:io/file_impl.dart:930:7)
#1      _File.readAsBytesSync (dart:io/file_impl.dart:679:35)
#2      _File.readAsStringSync (dart:io/file_impl.dart:715:18)
#3      ForwardingFile.readAsStringSync (package:file/src/forwarding/forwarding_file.dart:99:16)
#4      ErrorHandlingFile.readAsStringSync.<anonymous closure> (package:flutter_tools/src/base/error_handling_io.dart:212:22)
#5      _runSync (package:flutter_tools/src/base/error_handling_io.dart:552:14)
#6      ErrorHandlingFile.readAsStringSync (package:flutter_tools/src/base/error_handling_io.dart:211:12)
#7      new Node (package:flutter_tools/src/build_system/build_system.dart:1082:36)
#8      Target._toNode (package:flutter_tools/src/build_system/build_system.dart:172:12)
#9      Target._toNode (package:flutter_tools/src/build_system/build_system.dart:176:63)
#10     Target._toNode (package:flutter_tools/src/build_system/build_system.dart:176:63)
#11     FlutterBuildSystem.build (package:flutter_tools/src/build_system/build_system.dart:672:30)
#12     AssembleCommand.runCommand (package:flutter_tools/src/commands/assemble.dart:365:51)
#13     FlutterCommand.verifyThenRunCommand (package:flutter_tools/src/runner/flutter_command.dart:1938:12)
<asynchronous suspension>
#14     FlutterCommand.run.<anonymous closure> (package:flutter_tools/src/runner/flutter_command.dart:1590:27)
<asynchronous suspension>
#15     AppContext.run.<anonymous closure> (package:flutter_tools/src/base/context.dart:154:19)
<asynchronous suspension>
#16     CommandRunner.runCommand (package:args/command_runner.dart:212:13)
<asynchronous suspension>
#17     FlutterCommandRunner.runCommand.<anonymous closure> (package:flutter_tools/src/runner/flutter_command_runner.dart:496:9)
<asynchronous suspension>
#18     AppContext.run.<anonymous closure> (package:flutter_tools/src/base/context.dart:154:19)
<asynchronous suspension>
#19     FlutterCommandRunner.runCommand (package:flutter_tools/src/runner/flutter_command_runner.dart:431:5)
<asynchronous suspension>
#20     FlutterCommandRunner.run.<anonymous closure> (package:flutter_tools/src/runner/flutter_command_runner.dart:307:33)
<asynchronous suspension>
#21     run.<anonymous closure>.<anonymous closure> (package:flutter_tools/runner.dart:104:11)
<asynchronous suspension>
#22     AppContext.run.<anonymous closure> (package:flutter_tools/src/base/context.dart:154:19)
<asynchronous suspension>
#23     main (package:flutter_tools/executable.dart:103:3)
<asynchronous suspension>
```

## flutter doctor

```
[✓] Flutter (Channel stable, 3.41.6, on Microsoft Windows [Version 10.0.26200.8246], locale en-US) [739ms]
    • Flutter version 3.41.6 on channel stable at C:\src\flutter
    • Upstream repository https://github.com/flutter/flutter.git
    • Framework revision db50e20168 (6 weeks ago), 2026-03-25 16:21:00 -0700
    • Engine revision 425cfb54d0
    • Dart version 3.11.4
    • DevTools version 2.54.2
    • Feature flags: enable-web, enable-linux-desktop, enable-macos-desktop, enable-windows-desktop, enable-android, enable-ios, cli-animations, enable-native-assets, omit-legacy-version-file, enable-lldb-debugging, enable-uiscene-migration

[✓] Windows Version (11 Home Single Language 64-bit, 25H2, 2009) [4.1s]

[!] Android toolchain - develop for Android devices (Android SDK version 35.0.0) [84.5s]
    • Android SDK at D:\android-sdk
    • Emulator version unknown
    • Platform android-36, build-tools 35.0.0
    • Java binary at: C:\Program Files\Microsoft\jdk-17.0.12.7-hotspot\bin\java.exe
      This JDK was found in the system PATH.
      To manually set the JDK path, use: `flutter config --jdk-dir="path/to/jdk"`.
    • Java version OpenJDK Runtime Environment Microsoft-9889599 (build 17.0.12+7-LTS)
    ! Some Android licenses not accepted. To resolve this, run: flutter doctor --android-licenses

[✓] Chrome - develop for the web [564ms]
    • Chrome at C:\Program Files\Google\Chrome\Application\chrome.exe

[✗] Visual Studio - develop Windows apps [562ms]
    ✗ Visual Studio not installed; this is necessary to develop Windows apps.
      Download at https://visualstudio.microsoft.com/downloads/.
      Please install the "Desktop development with C++" workload, including all of its default components

[✓] Connected device (4 available) [666ms]
    • CPH2643 (mobile)  • XCIBCQCUFERWZ9QO • android-arm64  • Android 15 (API 35)
    • Windows (desktop) • windows          • windows-x64    • Microsoft Windows [Version 10.0.26200.8246]
    • Chrome (web)      • chrome           • web-javascript • Google Chrome 147.0.7727.57
    • Edge (web)        • edge             • web-javascript • Microsoft Edge 147.0.3912.98

[!] Network resources [36.0s]
    ✗ A cryptographic error occurred while checking "https://pub.dev/": Connection terminated during handshake
      You may be experiencing a man-in-the-middle attack, your network may be compromised, or you may have malware installed on your computer.
    ✗ An HTTP error occurred while checking "https://storage.googleapis.com/": Connection closed before full header was received
    ✗ An HTTP error occurred while checking "https://maven.google.com/": Connection closed before full header was received
    ✗ An HTTP error occurred while checking "https://cocoapods.org/": Connection closed before full header was received

! Doctor found issues in 3 categories.
```
